ASxxxx Linker V05.40                                                                Page 1
Hexadecimal [16-Bits]                                 Mon May 16 22:48:39 2022

Area                       Addr        Size        Decimal Bytes (Attributes)
--------------------       ----        ----        ------- ----- ------------
.  .ABS.                   0000        0000 =           0. bytes (ABS,OVR,CSEG)

         Value  Global                             Global Defined In Module
         -----  --------------------------------   ------------------------
          0000  .__.ABS.                           aux

ASxxxx Linker V05.40                                                                Page 2
Hexadecimal [16-Bits]                                 Mon May 16 22:48:39 2022

Area                       Addr        Size        Decimal Bytes (Attributes)
--------------------       ----        ----        ------- ----- ------------
PROG                       0000        0000 =           0. bytes (ABS,OVR,CSEG)

         Value  Global                             Global Defined In Module
         -----  --------------------------------   ------------------------
          0250  aNo                                recumple
          0252  mes                                recumple
          0254  dia                                recumple
          0256  Ncumples                           recumple
          02CF  acabar                             recumple

ASxxxx Linker V05.40                                                                Page 3
Hexadecimal [16-Bits]                                 Mon May 16 22:48:39 2022
[ Bank == _CSEG ]

Area                       Addr        Size        Decimal Bytes (Attributes)
--------------------       ----        ----        ------- ----- ------------
_CODE                      0000        01F3 =         499. bytes (REL,CON,CSEG)

         Value  Global                             Global Defined In Module
         -----  --------------------------------   ------------------------
          0000  imprime                            imprimir
          007A  poner_pila                         calculo
          008A  sacar_pila                         calculo
          00D6  mostrarMes                         calculo
          010F  sumar_iteracion                    calculo
          0115  sumar_anio                         calculo
          011C  comprobar_bisiesto                 calculo
          0158  sumar_mes                          calculo
          0161  comprobar_mes                      calculo
          0174  suma_dia                           calculo
          017C  comprobar_dia                      calculo
          01BB  daa                                aux
ASxxxx Linker V05.40                                                                Page 4
Hexadecimal [16-Bits]                                 Mon May 16 22:48:39 2022

Files Linked                              [ module(s) ]

recumple.rel                              [ recumple ]
imprimir.rel                              [ imprimir ]
calculo.rel                               [ calculo ]
aux.rel                                   [ aux ]


