ASxxxx Assembler V05.00  (Motorola 6809), page 1.
Hexidecimal [16-Bits]



                              1 
                              2   ; +-----------------------------------------+
                              3   ; |       Subrutinas para el calculo        |
                              4   ; +-----------------------------------------+
                              5 
                              6   .module calculo
                              7 
                              8   .globl acabar
                              9   .globl condicion_Ncumples
                             10 
   0000                      11 condicion_Ncumples:
   0000 81 01         [ 2]   12   cmpa #0x01
   0002 2D 00         [ 3]   13   blt acabar
   0004 81 30         [ 2]   14   cmpa #0x30
   0006 2E 00         [ 3]   15   bgt acabar
   0008 39            [ 5]   16   rts
ASxxxx Assembler V05.00  (Motorola 6809), page 2.
Hexidecimal [16-Bits]

Symbol Table

    .__.$$$.       =   2710 L   |     .__.ABS.       =   0000 G
    .__.CPU.       =   0000 L   |     .__.H$L.       =   0001 L
    acabar             **** GX  |   0 condicion_Ncum     0000 GR

ASxxxx Assembler V05.00  (Motorola 6809), page 3.
Hexidecimal [16-Bits]

Area Table

[_CSEG]
   0 _CODE            size    9   flags C180
[_DSEG]
   1 _DATA            size    0   flags C0C0

