ASxxxx Assembler V05.00  (Motorola 6809), page 1.
Hexidecimal [16-Bits]



                              1 
                              2   ; +------------------------------------------+
                              3   ; |               Presentacion               |
                              4   ; +------------------------------------------+
                              5 
                              6   .module presentation
                              7 
                              8   .globl presentation_str
                              9   .globl presentation
                             10   .globl presentation
                             11 
   0000                      12 presentation_str:
   0000 2B 2D 2D 2D 2D 2D    13   .ascii "+-----------------------------------------+\n"
        2D 2D 2D 2D 2D 2D
        2D 2D 2D 2D 2D 2D
        2D 2D 2D 2D 2D 2D
        2D 2D 2D 2D 2D 2D
        2D 2D 2D 2D 2D 2D
        2D 2D 2D 2D 2D 2D
        2B 0A
   002C 7C 20 20 20 20 20    14   .ascii "|         Calculadora de Recumples        |\n"
        20 20 20 20 43 61
        6C 63 75 6C 61 64
        6F 72 61 20 64 65
        20 52 65 63 75 6D
        70 6C 65 73 20 20
        20 20 20 20 20 20
        7C 0A
   0058 2B 2D 2D 2D 2D 2D    15   .ascii "+-----------------------------------------+\n"
        2D 2D 2D 2D 2D 2D
        2D 2D 2D 2D 2D 2D
        2D 2D 2D 2D 2D 2D
        2D 2D 2D 2D 2D 2D
        2D 2D 2D 2D 2D 2D
        2D 2D 2D 2D 2D 2D
        2B 0A
   0084 0A 0A                16   .ascii "\n\n"
   0086 0A                   17   .byte 10
   0087 00                   18   .byte 0
                             19 
   0088                      20 print:
   0088 A6 80         [ 6]   21   lda ,x+
   008A 27 0A         [ 3]   22   beq finish
   008C B7 FF 00      [ 5]   23   sta 0xFF00
   008F 20 F7         [ 3]   24   bra print
                             25 
   0091                      26 presentation:
   0091 8E 00 00      [ 3]   27   ldx #presentation_str
   0094 20 F2         [ 3]   28   bra print
                             29 
   0096                      30 finish:
   0096 39            [ 5]   31   rts
ASxxxx Assembler V05.00  (Motorola 6809), page 2.
Hexidecimal [16-Bits]

Symbol Table

    .__.$$$.       =   2710 L   |     .__.ABS.       =   0000 G
    .__.CPU.       =   0000 L   |     .__.H$L.       =   0001 L
  0 finish             0096 R   |   0 presentation       0091 GR
  0 presentation_s     0000 GR  |   0 print              0088 R

ASxxxx Assembler V05.00  (Motorola 6809), page 3.
Hexidecimal [16-Bits]

Area Table

[_CSEG]
   0 _CODE            size   97   flags C180
[_DSEG]
   1 _DATA            size    0   flags C0C0

