ASxxxx Assembler V05.00  (Motorola 6809), page 1.
Hexidecimal [16-Bits]



                              1 
                              2   ; +-------------------------------------+
                              3   ; |      Calculadora de Recumples       |
                              4   ; +-------------------------------------+
                              5   ; |                                     |
                              6   ; |                                     |
                              7   ; +-------------------------------------+
                              8 
                              9   .module recumple
                             10 
                             11   .area PROG (ABS)
                             12 
   0100                      13   .org 0x100
                             14   .globl presentation
                             15   .globl daa
                             16 
   0100 19 06                17 aNo:    .word 0x1906 	        ; Año de nacimiento (BCD) 
   0102 00 07                18 mes:	.word 0x7 		; Mes de nacimiento (BCD) 
   0104 00 27                19 dia:	.word 0x27 		; Dia de nacimiento (BCD)
   0106 0A                   20 Ncumples:	.byte 10 	; Numero de Recumples a calcular
                             21 
   0107                      22 programa:
   0107 10 CE F0 00   [ 4]   23   lds #0xF000 
   010B BD 00 00      [ 8]   24   jsr presentation	
                             25 
   010E                      26 aNoValido:
                             27 
                             28 
   010E                      29 NcumplesValido:
                             30 
                             31 
   010E                      32 tipoaNo:
                             33 
                             34 
   010E                      35 mes31:
                             36 
                             37 
   010E                      38 mes30:
                             39 
                             40 
   010E                      41 febrero:
                             42 
   010E                      43 acabar: 
   010E 4F            [ 2]   44   clra
   010F B7 FF 01      [ 5]   45   sta 0xFF01
                             46 
   FFFE                      47   .org 0xFFFE
   FFFE 01 07                48   .word programa
                             49 
ASxxxx Assembler V05.00  (Motorola 6809), page 2.
Hexidecimal [16-Bits]

Symbol Table

    .__.$$$.       =   2710 L   |     .__.ABS.       =   0000 G
    .__.CPU.       =   0000 L   |     .__.H$L.       =   0001 L
  2 Ncumples           0106 R   |   2 NcumplesValido     010E R
  2 aNo                0100 R   |   2 aNoValido          010E R
  2 acabar             010E R   |     daa                **** GX
  2 dia                0104 R   |   2 febrero            010E R
  2 mes                0102 R   |   2 mes30              010E R
  2 mes31              010E R   |     presentation       **** GX
  2 programa           0107 R   |   2 tipoaNo            010E R

ASxxxx Assembler V05.00  (Motorola 6809), page 3.
Hexidecimal [16-Bits]

Area Table

[_CSEG]
   0 _CODE            size    0   flags C080
   2 PROG             size    0   flags  908
[_DSEG]
   1 _DATA            size    0   flags C0C0

